
> my-v0-project@0.1.0 build
> next build

  Γû▓ Next.js 14.2.25
  - Environments: .env.local

   Creating an optimized production build ...
node.exe : Failed to 
compile.
At C:\Program Files\n
odejs\npm.ps1:29 
char:3
+   & $NODE_EXE 
$NPM_CLI_JS $args
+   ~~~~~~~~~~~~~~~~~
~~~~~~~~~~~~
    + CategoryInfo   
           : NotSpe  
  cified: (Failed    
 to compile.:Stri    
ng) [], RemoteEx    
ception
    + FullyQualified 
   ErrorId : Native  
  CommandError
 

./components/footer.t
sx
Error: 
  [31mx[0m 
Expression expected
    ,-[[36;1;4mC:\Us
ers\mialo\eliana-tech
-demo-1\components\fo
oter.tsx[0m:42:1]
 [2m42[0m |       
{ title: "Support", 
href: "/support" },
 [2m43[0m |     ],
 [2m44[0m |   },
 [2m45[0m |   },
    : [31;1m  ^[0m
 [2m46[0m | ]
 [2m47[0m | 
 [2m47[0m | export 
function Footer() {
    `----

Caused by:
    Syntax Error

Import trace for 
requested module:
./components/footer.t
sx
./app/features/page.t
sx

./components/footer.t
sx
Error: 
  [31mx[0m 
Expression expected
    ,-[[36;1;4mC:\Us
ers\mialo\eliana-tech
-demo-1\components\fo
oter.tsx[0m:42:1]
 [2m42[0m |       
{ title: "Support", 
href: "/support" },
 [2m43[0m |     ],
 [2m44[0m |   },
 [2m45[0m |   },
    : [31;1m  ^[0m
 [2m46[0m | ]
 [2m47[0m | 
 [2m47[0m | export 
function Footer() {
    `----

Caused by:
    Syntax Error

Import trace for 
requested module:
./components/footer.t
sx
./app/page.tsx


> Build failed 
because of webpack 
errors
